docs/adr/0001-dataplane.md: OK
docs/adr/0002-fail-open.md: OK
docs/adr/0003-dns-and-fakeip.md: OK
docs/adr/0004-routeros-reconciliation.md: OK
docs/adr/0005-storage.md: OK
docs/adr/0006-backend-stack.md: OK
docs/adr/0007-security-model.md: OK
docs/adr/0008-packaging.md: OK
docs/adr/0009-realip-alternative.md: OK
docs/adr/0010-cached-fakeip-fallback.md: OK
docs/adr/0011-dynamic-dns-publication.md: OK
docs/adr/0012-real-target-refresh.md: OK
docs/adr/0013-engine-generation-admission.md: OK
docs/adr/0014-bound-domain-and-volatile-readiness.md: OK
docs/adr/0015-append-only-namespace-policy.md: OK
docs/adr/0016-policy-activation-recovery.md: OK
docs/adr/0017-https-staged-controller.md: OK
docs/adr/0018-managed-controller-placement-watchdog.md: OK
docs/adr/0019-supervised-core-admission-and-group-health.md: OK
docs/adr/0020-embedded-administrative-ui.md: OK
docs/adr/0021-app-management-origin-and-installation-review.md: OK
docs/adr/0022-protected-app-provisioning-and-kernel-startup.md: OK
docs/api/README.md: OK
docs/api/openapi.json: OK
docs/api/runtime.md: OK
docs/api/web-ui-adapters.md: OK
docs/api/web-ui.md: OK
docs/architecture/network-flow.md: OK
docs/architecture/overview.md: OK
docs/controller.md: OK
docs/core.md: OK
docs/development.md: OK
docs/install.md: OK
docs/known-limitations.md: OK
docs/lab.md: OK
docs/legal/license-audit.md: OK
docs/legal/rc-source-distribution.md: OK
docs/product/progress.md: OK
docs/product/ux-spec.md: OK
docs/release.md: OK
docs/reports/chr-capability.json: OK
docs/reports/dataplane-evidence/basic.json: OK
docs/reports/dataplane-evidence/benchmark.json: OK
docs/reports/dataplane-evidence/captures.json: OK
docs/reports/dataplane-evidence/engine-paths.log: OK
docs/reports/dataplane-evidence/failure.json: OK
docs/reports/dataplane-evidence/fasttrack.json: OK
docs/reports/dataplane-evidence/manual-protocols.json: OK
docs/reports/dataplane-evidence/proxy-failure.json: OK
docs/reports/dataplane-evidence/quic.json: OK
docs/reports/dataplane-evidence/realip-udp.json: OK
docs/reports/dataplane-evidence/realip.json: OK
docs/reports/dataplane-evidence/reboot.json: OK
docs/reports/dataplane-evidence/source.json: OK
docs/reports/dataplane-evidence/tcp-dns.json: OK
docs/reports/evidence/phase-6-completion/capture-summary.json: OK
docs/reports/evidence/phase-6-completion/cleanup.json: OK
docs/reports/evidence/phase-6-completion/image-build.json: OK
docs/reports/evidence/phase-6-completion/management-update.json: OK
docs/reports/evidence/phase-6-completion/native-app.json: OK
docs/reports/evidence/phase-6-completion/packet-witnesses.json: OK
docs/reports/evidence/phase-6-completion/reproducibility.json: OK
docs/reports/evidence/phase-6-completion/resources.json: OK
docs/reports/evidence/phase-6-completion/umask-regression.json: OK
docs/reports/evidence/phase-6-completion/validation.txt: OK
docs/reports/evidence/phase-6-management/cleanup.json: OK
docs/reports/evidence/phase-6-management/image-build.json: OK
docs/reports/evidence/phase-6-management/native-management.json: OK
docs/reports/evidence/phase-6-management/validation.json: OK
docs/reports/evidence/phase-7-completion/admission-regression.log: OK
docs/reports/evidence/phase-7-completion/boot-fresh-session-diagnostic.json: OK
docs/reports/evidence/phase-7-completion/browser.log: OK
docs/reports/evidence/phase-7-completion/capture-regressions.log: OK
docs/reports/evidence/phase-7-completion/capture-summary.json: OK
docs/reports/evidence/phase-7-completion/check-cross-build.log: OK
docs/reports/evidence/phase-7-completion/check-stage-regressions.log: OK
docs/reports/evidence/phase-7-completion/cleanup.json: OK
docs/reports/evidence/phase-7-completion/dns-redirect-regressions.log: OK
docs/reports/evidence/phase-7-completion/fixture-check.log: OK
docs/reports/evidence/phase-7-completion/image-build.json: OK
docs/reports/evidence/phase-7-completion/image-verify.log: OK
docs/reports/evidence/phase-7-completion/ipv6-witnesses.json: OK
docs/reports/evidence/phase-7-completion/lease-corrected-probe.json: OK
docs/reports/evidence/phase-7-completion/lease-packages.log: OK
docs/reports/evidence/phase-7-completion/native-results.json: OK
docs/reports/evidence/phase-7-completion/private-lease-before.log: OK
docs/reports/evidence/phase-7-completion/private-lease-regression.log: OK
docs/reports/evidence/phase-7-completion/publication-withdrawal-probe.json: OK
docs/reports/evidence/phase-7-completion/rejected-observations.json: OK
docs/reports/evidence/phase-7-completion/sha256.json: OK
docs/reports/evidence/phase-7-completion/source-snapshot.json: OK
docs/reports/evidence/phase-7-completion/udp-witnesses.json: OK
docs/reports/evidence/phase-7-ipv6/browser.txt: OK
docs/reports/evidence/phase-7-ipv6/cleanup.json: OK
docs/reports/evidence/phase-7-ipv6/image-build.json: OK
docs/reports/evidence/phase-7-ipv6/image-verification.txt: OK
docs/reports/evidence/phase-7-ipv6/native-observation.json: OK
docs/reports/evidence/phase-7-ipv6/regression.txt: OK
docs/reports/evidence/phase-7-ipv6/schema-regression.txt: OK
docs/reports/evidence/phase-7-ipv6/validation.txt: OK
docs/reports/evidence/phase-7-security/after-fix.txt: OK
docs/reports/evidence/phase-7-security/before-fix.txt: OK
docs/reports/evidence/phase-7-security/image-build.json: OK
docs/reports/evidence/phase-7-security/image-verification.txt: OK
docs/reports/evidence/phase-7-security/regression.txt: OK
docs/reports/evidence/phase-7-security/validation.txt: OK
docs/reports/fail-open-experiment-plan.md: OK
docs/reports/git-author-correction.json: OK
docs/reports/git-author-correction.md: OK
docs/reports/phase-0-1.md: OK
docs/reports/phase-1-dataplane.md: OK
docs/reports/phase-2-evidence/cached-fallback-results.json: OK
docs/reports/phase-2-evidence/captures.json: OK
docs/reports/phase-2-evidence/controller-results.json: OK
docs/reports/phase-2-evidence/mapping-invalid-results.json: OK
docs/reports/phase-2-evidence/phase2-native-state.json: OK
docs/reports/phase-2-evidence/proxy-outage-results.json: OK
docs/reports/phase-2-resilience.md: OK
docs/reports/phase-3-evidence/captures.json: OK
docs/reports/phase-3-evidence/dns-witnesses.json: OK
docs/reports/phase-3-evidence/dynamic-native-state.json: OK
docs/reports/phase-3-evidence/dynamic-publication-results.json: OK
docs/reports/phase-3-evidence/native-ledger-console.json: OK
docs/reports/phase-3-publication.md: OK
docs/reports/phase-4-evidence/capture-summary.json: OK
docs/reports/phase-4-evidence/cold-diagnostics.json: OK
docs/reports/phase-4-evidence/dns-witnesses.json: OK
docs/reports/phase-4-evidence/first-passing-results.json: OK
docs/reports/phase-4-evidence/http3-fixture-failure.txt: OK
docs/reports/phase-4-evidence/native-journal.json: OK
docs/reports/phase-4-evidence/native-map-state.json: OK
docs/reports/phase-4-evidence/results.json: OK
docs/reports/phase-4-evidence/udp-fixture-failure.json: OK
docs/reports/phase-4-target-refresh.md: OK
docs/reports/phase-5-evidence/capture-summary.json: OK
docs/reports/phase-5-evidence/dns-witnesses.json: OK
docs/reports/phase-5-evidence/foreign-cache-fixture.json: OK
docs/reports/phase-5-evidence/healthy.json: OK
docs/reports/phase-5-evidence/http-host-case-failure.json: OK
docs/reports/phase-5-evidence/mismatch.json: OK
docs/reports/phase-5-evidence/missing.json: OK
docs/reports/phase-5-evidence/native-console.txt: OK
docs/reports/phase-5-evidence/native-journal.json: OK
docs/reports/phase-5-evidence/native-state.json: OK
docs/reports/phase-5-evidence/old-recovery-contract-failure.json: OK
docs/reports/phase-5-evidence/recovered.json: OK
docs/reports/phase-5-evidence/startup-diagnostic-timing-failure.json: OK
docs/reports/phase-5-evidence/startup-failure.txt: OK
docs/reports/phase-5-evidence/target-refresh-regression.json: OK
docs/reports/phase-5-evidence/validation.json: OK
docs/reports/phase-5-generation-admission.md: OK
docs/reports/phase-6-boot-and-policy.md: OK
docs/reports/phase-6-evidence/binding.json: OK
docs/reports/phase-6-evidence/boot-packet-witness.json: OK
docs/reports/phase-6-evidence/boot.json: OK
docs/reports/phase-6-evidence/build-validation.json: OK
docs/reports/phase-6-evidence/capture-summary.json: OK
docs/reports/phase-6-evidence/cleanup-permission.txt: OK
docs/reports/phase-6-evidence/cleanup-state.json: OK
docs/reports/phase-6-evidence/cross-build.log: OK
docs/reports/phase-6-evidence/dns-witnesses.json: OK
docs/reports/phase-6-evidence/first-boot-precondition-failure.json: OK
docs/reports/phase-6-evidence/host-checks.log: OK
docs/reports/phase-6-evidence/lease-expiry-diagnostic.json: OK
docs/reports/phase-6-evidence/lease-expiry-first-failure.json: OK
docs/reports/phase-6-evidence/lease-lifecycle.json: OK
docs/reports/phase-6-evidence/native-shell.log: OK
docs/reports/phase-6-evidence/native-state.json: OK
docs/reports/phase-6-evidence/quic-checks.log: OK
docs/reports/phase-6-evidence/real-ip-expectation-failure.json: OK
docs/reports/phase-7-evidence/build-validation.json: OK
docs/reports/phase-7-evidence/capture-summary.json: OK
docs/reports/phase-7-evidence/cleanup-state.json: OK
docs/reports/phase-7-evidence/container-down-harness-failure.json: OK
docs/reports/phase-7-evidence/cross-build.log: OK
docs/reports/phase-7-evidence/dns-witnesses.json: OK
docs/reports/phase-7-evidence/first-retirement-failure.json: OK
docs/reports/phase-7-evidence/health-diagnostic-before-fix.json: OK
docs/reports/phase-7-evidence/health-settle-first-failure.json: OK
docs/reports/phase-7-evidence/host-checks.log: OK
docs/reports/phase-7-evidence/namespace.json: OK
docs/reports/phase-7-evidence/native-shell.log: OK
docs/reports/phase-7-evidence/native-state.json: OK
docs/reports/phase-7-evidence/quic-checks.log: OK
docs/reports/phase-7-evidence/udp-path-witnesses.json: OK
docs/reports/phase-7-namespace-lifecycle.md: OK
docs/reports/phase-8-activation-core.md: OK
docs/reports/phase-8-activation-recovery.md: OK
docs/reports/phase-8-evidence/activation-trace.json: OK
docs/reports/phase-8-evidence/activation.json: OK
docs/reports/phase-8-evidence/build-validation.json: OK
docs/reports/phase-8-evidence/capture-summary.json: OK
docs/reports/phase-8-evidence/cleanup-permissions.log: OK
docs/reports/phase-8-evidence/cleanup-state.json: OK
docs/reports/phase-8-evidence/first-snapshot-failure.json: OK
docs/reports/phase-8-evidence/host-checks.log: OK
docs/reports/phase-8-evidence/initial-transport-failure.json: OK
docs/reports/phase-8-evidence/native-console.log: OK
docs/reports/phase-8-evidence/native-state.json: OK
docs/reports/phase-8-evidence/quic-checks.log: OK
docs/reports/phase-8-evidence/udp-path-witnesses.json: OK
docs/reports/phase7-management-security-review.md: OK
docs/reports/product-phase-2-completion-evidence/account-policy.json: OK
docs/reports/product-phase-2-completion-evidence/binary.json: OK
docs/reports/product-phase-2-completion-evidence/cleanup.json: OK
docs/reports/product-phase-2-completion-evidence/host-checks.log: OK
docs/reports/product-phase-2-completion-evidence/native-run.log: OK
docs/reports/product-phase-2-completion-evidence/results.json: OK
docs/reports/product-phase-2-controller-completion.md: OK
docs/reports/product-phase-2-evidence/binary.json: OK
docs/reports/product-phase-2-evidence/cleanup.json: OK
docs/reports/product-phase-2-evidence/extra-cli-results.json: OK
docs/reports/product-phase-2-evidence/host-checks.log: OK
docs/reports/product-phase-2-evidence/lost-reply-results.json: OK
docs/reports/product-phase-2-evidence/native-results.json: OK
docs/reports/product-phase-2-staged-controller.md: OK
docs/reports/product-phase-3-core-completion.md: OK
docs/reports/product-phase-3-core-foundation.md: OK
docs/reports/product-phase-3-evidence/build.json: OK
docs/reports/product-phase-3-evidence/captures.json: OK
docs/reports/product-phase-3-evidence/cleanup.json: OK
docs/reports/product-phase-3-evidence/fresh-additions.json: OK
docs/reports/product-phase-3-evidence/native-core.json: OK
docs/reports/product-phase-3-evidence/native-files.json: OK
docs/reports/product-phase-3-evidence/udp-witnesses.json: OK
docs/reports/product-phase-3-supervised-admission.md: OK
docs/reports/product-phase-4-api-completion.md: OK
docs/reports/product-phase-4-api-foundation.md: OK
docs/reports/product-phase-4-evidence/build.json: OK
docs/reports/product-phase-4-evidence/capture-negative-checks.json: OK
docs/reports/product-phase-4-evidence/captures.json: OK
docs/reports/product-phase-4-evidence/cleanup.json: OK
docs/reports/product-phase-4-evidence/native-api.json: OK
docs/reports/product-phase-4-evidence/native-files.json: OK
docs/reports/product-phase-4-evidence/udp-witnesses.json: OK
docs/reports/product-phase-4-evidence/validation.json: OK
docs/reports/product-phase-4-runtime-resources.md: OK
docs/reports/product-phase-5-evidence/browser-contracts.json: OK
docs/reports/product-phase-5-evidence/bundle.json: OK
docs/reports/product-phase-5-evidence/chromium-dashboard.png: OK
docs/reports/product-phase-5-evidence/chromium-mobile.png: OK
docs/reports/product-phase-5-evidence/validation.txt: OK
docs/reports/product-phase-5-web-ui-completion.md: OK
docs/reports/product-phase-6-app-completion.md: OK
docs/reports/product-phase-6-evidence/build.json: OK
docs/reports/product-phase-6-evidence/cleanup.json: OK
docs/reports/product-phase-6-evidence/native-app.json: OK
docs/reports/product-phase-6-evidence/validation.txt: OK
docs/reports/product-phase-6-management-install-review.md: OK
docs/reports/product-phase-6-packaging-foundation.md: OK
docs/reports/product-phase-7-hardening-completion.md: OK
docs/reports/product-phase-7-ipv6-observation.md: OK
docs/reports/product-phase-7-native-hardening-progress.md: OK
docs/reports/product-phase-7-security-foundation.md: OK
docs/reports/product-phase-8-e2e.md: OK
docs/research/product-phase-6-app-import.md: OK
docs/research/product-phase-6-app-management.md: OK
docs/research/product-phase-6-app-update.md: OK
docs/research/reference-audit.md: OK
docs/research/routeros-app-schema.md: OK
docs/research/routeros-networking.md: OK
docs/research/sing-box.md: OK
docs/research/version-baseline.md: OK
docs/rollback.md: OK
docs/security.md: OK
docs/troubleshooting.md: OK
docs/upgrade.md: OK
evidence/admission-regression.log: OK
evidence/boot-fresh-session-diagnostic.json: OK
evidence/browser.log: OK
evidence/capture-regressions.log: OK
evidence/capture-summary.json: OK
evidence/check-cross-build.log: OK
evidence/check-stage-regressions.log: OK
evidence/cleanup.json: OK
evidence/dns-redirect-regressions.log: OK
evidence/fixture-check.log: OK
evidence/image-build.json: OK
evidence/image-verify.log: OK
evidence/ipv6-witnesses.json: OK
evidence/lease-corrected-probe.json: OK
evidence/lease-packages.log: OK
evidence/native-results.json: OK
evidence/private-lease-before.log: OK
evidence/private-lease-regression.log: OK
evidence/publication-withdrawal-probe.json: OK
evidence/rejected-observations.json: OK
evidence/sha256.json: OK
evidence/source-snapshot.json: OK
evidence/udp-witnesses.json: OK
images/build.json: OK
images/mikrocentauri-amd64.tar: OK
images/mikrocentauri-arm64.tar: OK
images/oci/blobs/sha256/4a3ddd1002caaa49570346c279f8b4a7395150e806b3744e46fb93190da520dd: OK
images/oci/blobs/sha256/51b788255d2ecf90d8e2cc693bbcaef1843441d7eab3e14129a863baf620f3f6: OK
images/oci/blobs/sha256/5aecdc86b39acc25012246d3ffd271b2b90d68f738f8a24f08f13a1d8d8d8747: OK
images/oci/blobs/sha256/80b1b931a9a7d5a02afa7ffdcb6bbe8b3b80186a79f7135d7fdd1c1543ec1f7a: OK
images/oci/blobs/sha256/a3750b0dce3c211026ad85828bef3cd72da109d24ea2cbd41edd96a68076cd86: OK
images/oci/blobs/sha256/b9115b9596942a5b1913844132b9bd342f47bb7a70588c7a00723570dd01b67f: OK
images/oci/index.json: OK
images/oci/oci-layout: OK
licenses/LICENSE: OK
licenses/THIRD_PARTY_NOTICES.md: OK
licenses/browser-licenses.txt: OK
licenses/sing-box-LICENSE: OK
mikrocentauri-v0.1.0-rc.1-oci.tar.gz: OK
mikrocentauri-v0.1.0-rc.1-source.tar.gz: OK
release.json: OK
sbom.cdx.json: OK
