sha256sum /bin/mc-gateway /data/singbox.json
blication /data/publication/mappings.json /data/singbox-cache.db
/bin/sing-box version
exit
7cf56ec75354bd5a6b1b1fe90a7ec3295892c9b0f3a2a80712c69397a15092e4  /bin/mc-gateway
87f83e20522ddfa9adfba9f2405d3b94f0569837f6fcbcaf2bec9cb145946866  /data/singbox.json
/ # stat -c '%a %n' /data/namespace /data/namespace/namespace.json /data/publica
tion /data/publication/mappings.json /data/singbox-cache.db
700 /data/namespace
600 /data/namespace/namespace.json
700 /data/publication
600 /data/publication/mappings.json
600 /data/singbox-cache.db
/ # /bin/sing-box version
sing-box version 1.14.2

Environment: go1.26.8 linux/amd64
Tags: with_gvisor,with_quic,with_dhcp,with_wireguard,with_utls,with_acme,with_clash_api,with_tailscale,with_ccm,with_ocm,with_cloudflared,with_naive_outbound,with_usbip,with_openvpn,with_openconnect,badlinkname,tfogo_checklinkname0,with_musl
Revision: af6e64c3b69e6132ebaee0e1a3d24e93903f6709
CGO: enabled
/ # exit
done
[admin@CHR] > 